// Jest Snapshot v1, https://goo.gl/fbAQLP

exports[`Search component should matches snapshot 1`] = `
<View
  style={
    {
      "flexDirection": "row",
      "height": 50,
      "marginTop": 8,
    }
  }
>
  <View
    style={
      {
        "backgroundColor": "#f1f1f1cc",
        "borderBottomLeftRadius": 16,
        "borderBottomRightRadius": 16,
        "borderTopLeftRadius": 16,
        "borderTopRightRadius": 16,
        "flexBasis": 0,
        "flexGrow": 1,
        "flexShrink": 1,
        "height": "100%",
        "marginRight": 4,
      }
    }
  >
    <TextInput
      onChangeText={[Function]}
      placeholder="What are you looking for"
      style={
        {
          "height": "100%",
          "paddingBottom": 4,
          "paddingLeft": 4,
          "paddingRight": 4,
          "paddingTop": 4,
          "width": "100%",
        }
      }
      value=""
    />
  </View>
  <View
    accessibilityState={
      {
        "busy": undefined,
        "checked": undefined,
        "disabled": undefined,
        "expanded": undefined,
        "selected": undefined,
      }
    }
    accessibilityValue={
      {
        "max": undefined,
        "min": undefined,
        "now": undefined,
        "text": undefined,
      }
    }
    accessible={true}
    collapsable={false}
    focusable={true}
    onClick={[Function]}
    onResponderGrant={[Function]}
    onResponderMove={[Function]}
    onResponderRelease={[Function]}
    onResponderTerminate={[Function]}
    onResponderTerminationRequest={[Function]}
    onStartShouldSetResponder={[Function]}
    style={
      {
        "alignItems": "center",
        "backgroundColor": "#b1d0ffcc",
        "borderBottomLeftRadius": 16,
        "borderBottomRightRadius": 16,
        "borderTopLeftRadius": 16,
        "borderTopRightRadius": 16,
        "height": "100%",
        "justifyContent": "center",
        "opacity": 1,
        "width": 50,
      }
    }
    testID="search-btn"
  >
    <Text
      allowFontScaling={false}
      selectable={false}
      style={
        [
          {
            "color": "black",
            "fontSize": 24,
          },
          undefined,
          {
            "fontFamily": "feather",
            "fontStyle": "normal",
            "fontWeight": "normal",
          },
          {},
        ]
      }
    >
      
    </Text>
  </View>
</View>
`;
